// Jest Snapshot v1, https://goo.gl/fbAQLP

exports[`Styles matches Col 1`] = `
.c0 {
  box-sizing: border-box;
  -webkit-flex: 0 0 auto;
  -ms-flex: 0 0 auto;
  flex: 0 0 auto;
  padding-right: 0.5rem;
  padding-left: 0.5rem;
  word-break: break-all;
}

@media only screen and (min-width:40em) {
  .c0 {
    padding-left: 0.5rem;
    padding-right: 0.5rem;
  }
}

<div
  className="c0"
/>
`;
