// Jest Snapshot v1, https://goo.gl/fbAQLP

exports[`Styles matches Scrollable 1`] = `
.c0 {
  box-sizing: border-box;
  display: -webkit-box;
  display: -webkit-flex;
  display: -ms-flexbox;
  display: flex;
  -webkit-flex: 0 1 auto;
  -ms-flex: 0 1 auto;
  flex: 0 1 auto;
  -webkit-flex-direction: row;
  -ms-flex-direction: row;
  flex-direction: row;
  -webkit-flex-wrap: wrap;
  -ms-flex-wrap: wrap;
  flex-wrap: wrap;
  list-style: none;
  margin-right: -0.5rem;
  margin-left: -0.5rem;
}

@media only screen and (min-width:40em) {
  .c0 {
    margin-left: 1rem;
    margin-right: 1rem;
  }
}

<div
  className="c0"
/>
`;
